============================= test session starts =============================
platform win32 -- Python 3.12.10, pytest-9.0.2, pluggy-1.6.0
django: version: 6.0.3, settings: tests.integration.django.settings (from ini)
rootdir: C:\Users\bobop\Documents\own\tenxyte
configfile: pyproject.toml
plugins: cov-7.0.0, django-4.11.1
collected 2126 items / 3 errors

=================================== ERRORS ====================================
_______ ERROR collecting tests/integration/fastapi/unit/test_models.py ________
ImportError while importing test module 'C:\Users\bobop\Documents\own\tenxyte\tests\integration\fastapi\unit\test_models.py'.
Hint: make sure your test modules/packages have valid Python names.
Traceback:
..\..\..\AppData\Local\Python\pythoncore-3.12-64\Lib\importlib\__init__.py:90: in import_module
    return _bootstrap._gcd_import(name[level:], package, level)
           ^^^^^^^^^^^^^^^^^^^^^^^^^^^^^^^^^^^^^^^^^^^^^^^^^^^^
tests\integration\fastapi\unit\test_models.py:3: in <module>
    from tenxyte.adapters.fastapi.models import UserDB
src\tenxyte\adapters\fastapi\models.py:6: in <module>
    from sqlalchemy import Column, String, Boolean, DateTime, Enum, JSON
E   ModuleNotFoundError: No module named 'sqlalchemy'
____ ERROR collecting tests/integration/fastapi/unit/test_repositories.py _____
ImportError while importing test module 'C:\Users\bobop\Documents\own\tenxyte\tests\integration\fastapi\unit\test_repositories.py'.
Hint: make sure your test modules/packages have valid Python names.
Traceback:
..\..\..\AppData\Local\Python\pythoncore-3.12-64\Lib\importlib\__init__.py:90: in import_module
    return _bootstrap._gcd_import(name[level:], package, level)
           ^^^^^^^^^^^^^^^^^^^^^^^^^^^^^^^^^^^^^^^^^^^^^^^^^^^^
tests\integration\fastapi\unit\test_repositories.py:3: in <module>
    from sqlalchemy import create_engine
E   ModuleNotFoundError: No module named 'sqlalchemy'
_______ ERROR collecting tests/integration/fastapi/unit/test_routers.py _______
ImportError while importing test module 'C:\Users\bobop\Documents\own\tenxyte\tests\integration\fastapi\unit\test_routers.py'.
Hint: make sure your test modules/packages have valid Python names.
Traceback:
..\..\..\AppData\Local\Python\pythoncore-3.12-64\Lib\importlib\__init__.py:90: in import_module
    return _bootstrap._gcd_import(name[level:], package, level)
           ^^^^^^^^^^^^^^^^^^^^^^^^^^^^^^^^^^^^^^^^^^^^^^^^^^^^
tests\integration\fastapi\unit\test_routers.py:3: in <module>
    from fastapi.testclient import TestClient
E   ModuleNotFoundError: No module named 'fastapi'
============================== warnings summary ===============================
src\tenxyte\services\totp_service.py:382
  C:\Users\bobop\Documents\own\tenxyte\src\tenxyte\services\totp_service.py:382: DeprecationWarning: tenxyte.services.totp_service.TOTPService is deprecated. Use tenxyte.core.TOTPService with Django adapters instead.
    totp_service = TOTPService()

-- Docs: https://docs.pytest.org/en/stable/how-to/capture-warnings.html
=========================== short test summary info ===========================
ERROR tests/integration/fastapi/unit/test_models.py
ERROR tests/integration/fastapi/unit/test_repositories.py
ERROR tests/integration/fastapi/unit/test_routers.py
!!!!!!!!!!!!!!!!!!! Interrupted: 3 errors during collection !!!!!!!!!!!!!!!!!!!
======================== 1 warning, 3 errors in 2.48s =========================
