============================= test session starts =============================
platform win32 -- Python 3.12.10, pytest-9.0.2, pluggy-1.6.0
django: version: 6.0.3, settings: tests.integration.django.settings (from ini)
rootdir: C:\Users\bobop\Documents\own\tenxyte
configfile: pyproject.toml
plugins: anyio-4.12.1, cov-7.0.0, django-4.11.1
collected 50 items

tests\core\test_core_jwt_service.py .........................F.F..FFFF.F [ 72%]
.F.F........F.
ERROR: Coverage failure: total of 20 is less than fail-under=90
                                                                         [100%]

================================== FAILURES ===================================
___________________ TestJWTService.test_decode_token_valid ____________________

self = <test_core_jwt_service.TestJWTService object at 0x0000021426983380>
svc = <tenxyte.core.jwt_service.JWTService object at 0x0000021426545D00>

    def test_decode_token_valid(self, svc):
        token, jti, _ = svc.generate_access_token("u1", "app1")
>       decoded = svc.decode_token(token)
                  ^^^^^^^^^^^^^^^^^^^^^^^

tests\core\test_core_jwt_service.py:236: 
_ _ _ _ _ _ _ _ _ _ _ _ _ _ _ _ _ _ _ _ _ _ _ _ _ _ _ _ _ _ _ _ _ _ _ _ _ _ _ _

self = <tenxyte.core.jwt_service.JWTService object at 0x0000021426545D00>
token = 'eyJhbGciOiJIUzI1NiIsInR5cCI6IkpXVCJ9.eyJ0eXBlIjoiYWNjZXNzIiwianRpIjoiZTZkY2EwOGItN2NmYy00MmE3LTg5YzYtYTI1NTQxZDQ3MDBk...BwMSIsImlhdCI6MTc3MzUxMDAyOCwiZXhwIjoxNzczNTEzNjI4LCJuYmYiOjE3NzM1MTAwMjh9.4T2E2CyjR3cOxinbRyu3x6bHO5Ioi3wNxZrWVxkeaU8'
check_blacklist = True

    def decode_token(self, token: str, check_blacklist: bool = True) -> Optional[DecodedToken]:
        """
        Decode and validate a JWT token.
    
        Args:
            token: JWT token string
            check_blacklist: Whether to check if token is blacklisted
    
        Returns:
            DecodedToken if valid, None if invalid/expired
        """
        if not self.verifying_key:
            raise ValueError(
                f"JWT verifying key is required for algorithm {self.algorithm}. "
                f"Set TENXYTE_JWT_SECRET or TENXYTE_JWT_PUBLIC_KEY in settings."
            )
    
        try:
            # Decode with required claims
            options = {"require": ["exp", "iat"]}
    
            payload = jwt.decode(
                token,
                self.verifying_key,
                algorithms=[self.algorithm],
                options=options,
                issuer=self.issuer if self.issuer else None,
                audience=self.audience if self.audience else None,
            )
    
            # Extract required fields
            user_id = payload.get("user_id")
            app_id = payload.get("app_id")
            jti = payload.get("jti")
    
            if not user_id or not app_id or not jti:
                return DecodedToken(
                    user_id=user_id or "",
                    app_id=app_id or "",
                    jti=jti or "",
                    exp=datetime.now(timezone.utc),
                    iat=datetime.now(timezone.utc),
                    type=payload.get("type", "unknown"),
                    claims=payload,
                    is_valid=False,
                    error="Missing required claims (user_id, app_id, or jti)",
                )
    
            # Convert timestamps to datetime
            exp_ts = payload.get("exp", 0)
            iat_ts = payload.get("iat", 0)
>           exp_dt = datetime.fromtimestamp(exp_ts, tz=timezone.utc)
                     ^^^^^^^^
E           UnboundLocalError: cannot access local variable 'datetime' where it is not associated with a value

src\tenxyte\core\jwt_service.py:413: UnboundLocalError
_______________ TestJWTService.test_decode_token_missing_claims _______________

self = <test_core_jwt_service.TestJWTService object at 0x0000021426983D40>
svc = <tenxyte.core.jwt_service.JWTService object at 0x00000214264F62A0>

    def test_decode_token_missing_claims(self, svc):
        """Lines 391: missing user_id/app_id/jti."""
        payload = {"type": "access", "iat": datetime.now(timezone.utc), "exp": datetime.now(timezone.utc) + timedelta(hours=1)}
        token = pyjwt.encode(payload, "test-secret-key-32chars-minimum!", algorithm="HS256")
>       decoded = svc.decode_token(token)
                  ^^^^^^^^^^^^^^^^^^^^^^^

tests\core\test_core_jwt_service.py:251: 
_ _ _ _ _ _ _ _ _ _ _ _ _ _ _ _ _ _ _ _ _ _ _ _ _ _ _ _ _ _ _ _ _ _ _ _ _ _ _ _

self = <tenxyte.core.jwt_service.JWTService object at 0x00000214264F62A0>
token = 'eyJhbGciOiJIUzI1NiIsInR5cCI6IkpXVCJ9.eyJ0eXBlIjoiYWNjZXNzIiwiaWF0IjoxNzczNTEwMDI4LCJleHAiOjE3NzM1MTM2Mjh9.bAyOAvoaSIGQYURnyzaHJ3lNRRCGme6NYghmdYewQ0U'
check_blacklist = True

    def decode_token(self, token: str, check_blacklist: bool = True) -> Optional[DecodedToken]:
        """
        Decode and validate a JWT token.
    
        Args:
            token: JWT token string
            check_blacklist: Whether to check if token is blacklisted
    
        Returns:
            DecodedToken if valid, None if invalid/expired
        """
        if not self.verifying_key:
            raise ValueError(
                f"JWT verifying key is required for algorithm {self.algorithm}. "
                f"Set TENXYTE_JWT_SECRET or TENXYTE_JWT_PUBLIC_KEY in settings."
            )
    
        try:
            # Decode with required claims
            options = {"require": ["exp", "iat"]}
    
            payload = jwt.decode(
                token,
                self.verifying_key,
                algorithms=[self.algorithm],
                options=options,
                issuer=self.issuer if self.issuer else None,
                audience=self.audience if self.audience else None,
            )
    
            # Extract required fields
            user_id = payload.get("user_id")
            app_id = payload.get("app_id")
            jti = payload.get("jti")
    
            if not user_id or not app_id or not jti:
                return DecodedToken(
                    user_id=user_id or "",
                    app_id=app_id or "",
                    jti=jti or "",
>                   exp=datetime.now(timezone.utc),
                        ^^^^^^^^
                    iat=datetime.now(timezone.utc),
                    type=payload.get("type", "unknown"),
                    claims=payload,
                    is_valid=False,
                    error="Missing required claims (user_id, app_id, or jti)",
                )
E               UnboundLocalError: cannot access local variable 'datetime' where it is not associated with a value

src\tenxyte\core\jwt_service.py:402: UnboundLocalError
________________ TestJWTService.test_decode_token_blacklisted _________________

self = <test_core_jwt_service.TestJWTService object at 0x0000021426998C80>
svc = <tenxyte.core.jwt_service.JWTService object at 0x0000021426A6B950>

    def test_decode_token_blacklisted(self, svc):
        token, jti, expires = svc.generate_access_token("u1", "app1")
        svc.blacklist_service.blacklist_token(jti, expires)
>       decoded = svc.decode_token(token)
                  ^^^^^^^^^^^^^^^^^^^^^^^

tests\core\test_core_jwt_service.py:275: 
_ _ _ _ _ _ _ _ _ _ _ _ _ _ _ _ _ _ _ _ _ _ _ _ _ _ _ _ _ _ _ _ _ _ _ _ _ _ _ _

self = <tenxyte.core.jwt_service.JWTService object at 0x0000021426A6B950>
token = 'eyJhbGciOiJIUzI1NiIsInR5cCI6IkpXVCJ9.eyJ0eXBlIjoiYWNjZXNzIiwianRpIjoiODIyMzU2NTQtYjY1YS00OWMyLThjOTgtM2QwMDNmZTM2MDc2...BwMSIsImlhdCI6MTc3MzUxMDAyOCwiZXhwIjoxNzczNTEzNjI4LCJuYmYiOjE3NzM1MTAwMjh9.oVZCGFU28oVTAAx-yTU3XnFxf1eJoDdijUq61dUpcjg'
check_blacklist = True

    def decode_token(self, token: str, check_blacklist: bool = True) -> Optional[DecodedToken]:
        """
        Decode and validate a JWT token.
    
        Args:
            token: JWT token string
            check_blacklist: Whether to check if token is blacklisted
    
        Returns:
            DecodedToken if valid, None if invalid/expired
        """
        if not self.verifying_key:
            raise ValueError(
                f"JWT verifying key is required for algorithm {self.algorithm}. "
                f"Set TENXYTE_JWT_SECRET or TENXYTE_JWT_PUBLIC_KEY in settings."
            )
    
        try:
            # Decode with required claims
            options = {"require": ["exp", "iat"]}
    
            payload = jwt.decode(
                token,
                self.verifying_key,
                algorithms=[self.algorithm],
                options=options,
                issuer=self.issuer if self.issuer else None,
                audience=self.audience if self.audience else None,
            )
    
            # Extract required fields
            user_id = payload.get("user_id")
            app_id = payload.get("app_id")
            jti = payload.get("jti")
    
            if not user_id or not app_id or not jti:
                return DecodedToken(
                    user_id=user_id or "",
                    app_id=app_id or "",
                    jti=jti or "",
                    exp=datetime.now(timezone.utc),
                    iat=datetime.now(timezone.utc),
                    type=payload.get("type", "unknown"),
                    claims=payload,
                    is_valid=False,
                    error="Missing required claims (user_id, app_id, or jti)",
                )
    
            # Convert timestamps to datetime
            exp_ts = payload.get("exp", 0)
            iat_ts = payload.get("iat", 0)
>           exp_dt = datetime.fromtimestamp(exp_ts, tz=timezone.utc)
                     ^^^^^^^^
E           UnboundLocalError: cannot access local variable 'datetime' where it is not associated with a value

src\tenxyte\core\jwt_service.py:413: UnboundLocalError
________________ TestJWTService.test_decode_token_user_revoked ________________

self = <test_core_jwt_service.TestJWTService object at 0x0000021426999190>
svc = <tenxyte.core.jwt_service.JWTService object at 0x0000021426A6BF50>

    def test_decode_token_user_revoked(self, svc):
        """Lines 415-418: user-level revocation."""
        token, _, _ = svc.generate_access_token("u1", "app1")
        # Revoke all tokens (sets revocation time to now)
        time.sleep(0.01)
        svc.blacklist_service.revoke_all_user_tokens("u1")
>       decoded = svc.decode_token(token)
                  ^^^^^^^^^^^^^^^^^^^^^^^

tests\core\test_core_jwt_service.py:285: 
_ _ _ _ _ _ _ _ _ _ _ _ _ _ _ _ _ _ _ _ _ _ _ _ _ _ _ _ _ _ _ _ _ _ _ _ _ _ _ _

self = <tenxyte.core.jwt_service.JWTService object at 0x0000021426A6BF50>
token = 'eyJhbGciOiJIUzI1NiIsInR5cCI6IkpXVCJ9.eyJ0eXBlIjoiYWNjZXNzIiwianRpIjoiYjAwNDljMTUtMzIzMy00MzVlLWEzNWEtMzhmODJmNDNjZjA5...BwMSIsImlhdCI6MTc3MzUxMDAyOCwiZXhwIjoxNzczNTEzNjI4LCJuYmYiOjE3NzM1MTAwMjh9.r0MkC2ql22y3rMAMvAL9lRM0D9_QanEOB8_dnrDsIK4'
check_blacklist = True

    def decode_token(self, token: str, check_blacklist: bool = True) -> Optional[DecodedToken]:
        """
        Decode and validate a JWT token.
    
        Args:
            token: JWT token string
            check_blacklist: Whether to check if token is blacklisted
    
        Returns:
            DecodedToken if valid, None if invalid/expired
        """
        if not self.verifying_key:
            raise ValueError(
                f"JWT verifying key is required for algorithm {self.algorithm}. "
                f"Set TENXYTE_JWT_SECRET or TENXYTE_JWT_PUBLIC_KEY in settings."
            )
    
        try:
            # Decode with required claims
            options = {"require": ["exp", "iat"]}
    
            payload = jwt.decode(
                token,
                self.verifying_key,
                algorithms=[self.algorithm],
                options=options,
                issuer=self.issuer if self.issuer else None,
                audience=self.audience if self.audience else None,
            )
    
            # Extract required fields
            user_id = payload.get("user_id")
            app_id = payload.get("app_id")
            jti = payload.get("jti")
    
            if not user_id or not app_id or not jti:
                return DecodedToken(
                    user_id=user_id or "",
                    app_id=app_id or "",
                    jti=jti or "",
                    exp=datetime.now(timezone.utc),
                    iat=datetime.now(timezone.utc),
                    type=payload.get("type", "unknown"),
                    claims=payload,
                    is_valid=False,
                    error="Missing required claims (user_id, app_id, or jti)",
                )
    
            # Convert timestamps to datetime
            exp_ts = payload.get("exp", 0)
            iat_ts = payload.get("iat", 0)
>           exp_dt = datetime.fromtimestamp(exp_ts, tz=timezone.utc)
                     ^^^^^^^^
E           UnboundLocalError: cannot access local variable 'datetime' where it is not associated with a value

src\tenxyte\core\jwt_service.py:413: UnboundLocalError
_______________ TestJWTService.test_decode_token_skip_blacklist _______________

self = <test_core_jwt_service.TestJWTService object at 0x00000214269834A0>
svc = <tenxyte.core.jwt_service.JWTService object at 0x0000021426B084A0>

    def test_decode_token_skip_blacklist(self, svc):
        token, jti, expires = svc.generate_access_token("u1", "app1")
        svc.blacklist_service.blacklist_token(jti, expires)
>       decoded = svc.decode_token(token, check_blacklist=False)
                  ^^^^^^^^^^^^^^^^^^^^^^^^^^^^^^^^^^^^^^^^^^^^^^

tests\core\test_core_jwt_service.py:291: 
_ _ _ _ _ _ _ _ _ _ _ _ _ _ _ _ _ _ _ _ _ _ _ _ _ _ _ _ _ _ _ _ _ _ _ _ _ _ _ _

self = <tenxyte.core.jwt_service.JWTService object at 0x0000021426B084A0>
token = 'eyJhbGciOiJIUzI1NiIsInR5cCI6IkpXVCJ9.eyJ0eXBlIjoiYWNjZXNzIiwianRpIjoiZWJjYTQzNDItNmVjOC00NTNmLWFhZjAtN2E2MTE4Njk4MGRm...BwMSIsImlhdCI6MTc3MzUxMDAyOCwiZXhwIjoxNzczNTEzNjI4LCJuYmYiOjE3NzM1MTAwMjh9.iI8wqqjNS2VufGS4DUnY_aM-npnWu1J8pHTu81Qyal8'
check_blacklist = False

    def decode_token(self, token: str, check_blacklist: bool = True) -> Optional[DecodedToken]:
        """
        Decode and validate a JWT token.
    
        Args:
            token: JWT token string
            check_blacklist: Whether to check if token is blacklisted
    
        Returns:
            DecodedToken if valid, None if invalid/expired
        """
        if not self.verifying_key:
            raise ValueError(
                f"JWT verifying key is required for algorithm {self.algorithm}. "
                f"Set TENXYTE_JWT_SECRET or TENXYTE_JWT_PUBLIC_KEY in settings."
            )
    
        try:
            # Decode with required claims
            options = {"require": ["exp", "iat"]}
    
            payload = jwt.decode(
                token,
                self.verifying_key,
                algorithms=[self.algorithm],
                options=options,
                issuer=self.issuer if self.issuer else None,
                audience=self.audience if self.audience else None,
            )
    
            # Extract required fields
            user_id = payload.get("user_id")
            app_id = payload.get("app_id")
            jti = payload.get("jti")
    
            if not user_id or not app_id or not jti:
                return DecodedToken(
                    user_id=user_id or "",
                    app_id=app_id or "",
                    jti=jti or "",
                    exp=datetime.now(timezone.utc),
                    iat=datetime.now(timezone.utc),
                    type=payload.get("type", "unknown"),
                    claims=payload,
                    is_valid=False,
                    error="Missing required claims (user_id, app_id, or jti)",
                )
    
            # Convert timestamps to datetime
            exp_ts = payload.get("exp", 0)
            iat_ts = payload.get("iat", 0)
>           exp_dt = datetime.fromtimestamp(exp_ts, tz=timezone.utc)
                     ^^^^^^^^
E           UnboundLocalError: cannot access local variable 'datetime' where it is not associated with a value

src\tenxyte\core\jwt_service.py:413: UnboundLocalError
_____________________ TestJWTService.test_is_token_valid ______________________

self = <test_core_jwt_service.TestJWTService object at 0x0000021426982600>
svc = <tenxyte.core.jwt_service.JWTService object at 0x00000214267BF770>

    def test_is_token_valid(self, svc):
        """Lines 449-450."""
        token, _, _ = svc.generate_access_token("u1", "app1")
>       assert svc.is_token_valid(token) is True
               ^^^^^^^^^^^^^^^^^^^^^^^^^

tests\core\test_core_jwt_service.py:299: 
_ _ _ _ _ _ _ _ _ _ _ _ _ _ _ _ _ _ _ _ _ _ _ _ _ _ _ _ _ _ _ _ _ _ _ _ _ _ _ _
src\tenxyte\core\jwt_service.py:554: in is_token_valid
    result = self.decode_token(token)
             ^^^^^^^^^^^^^^^^^^^^^^^^
_ _ _ _ _ _ _ _ _ _ _ _ _ _ _ _ _ _ _ _ _ _ _ _ _ _ _ _ _ _ _ _ _ _ _ _ _ _ _ _

self = <tenxyte.core.jwt_service.JWTService object at 0x00000214267BF770>
token = 'eyJhbGciOiJIUzI1NiIsInR5cCI6IkpXVCJ9.eyJ0eXBlIjoiYWNjZXNzIiwianRpIjoiMTdlNDIwZjMtNTI0Ni00MDIwLThmMGQtYWZkMmQyNDIxYjEy...BwMSIsImlhdCI6MTc3MzUxMDAyOCwiZXhwIjoxNzczNTEzNjI4LCJuYmYiOjE3NzM1MTAwMjh9.d5WVFTiciSiLAnIkRbSDUpyH3Iv6A-c9s4YMtfSrNU4'
check_blacklist = True

    def decode_token(self, token: str, check_blacklist: bool = True) -> Optional[DecodedToken]:
        """
        Decode and validate a JWT token.
    
        Args:
            token: JWT token string
            check_blacklist: Whether to check if token is blacklisted
    
        Returns:
            DecodedToken if valid, None if invalid/expired
        """
        if not self.verifying_key:
            raise ValueError(
                f"JWT verifying key is required for algorithm {self.algorithm}. "
                f"Set TENXYTE_JWT_SECRET or TENXYTE_JWT_PUBLIC_KEY in settings."
            )
    
        try:
            # Decode with required claims
            options = {"require": ["exp", "iat"]}
    
            payload = jwt.decode(
                token,
                self.verifying_key,
                algorithms=[self.algorithm],
                options=options,
                issuer=self.issuer if self.issuer else None,
                audience=self.audience if self.audience else None,
            )
    
            # Extract required fields
            user_id = payload.get("user_id")
            app_id = payload.get("app_id")
            jti = payload.get("jti")
    
            if not user_id or not app_id or not jti:
                return DecodedToken(
                    user_id=user_id or "",
                    app_id=app_id or "",
                    jti=jti or "",
                    exp=datetime.now(timezone.utc),
                    iat=datetime.now(timezone.utc),
                    type=payload.get("type", "unknown"),
                    claims=payload,
                    is_valid=False,
                    error="Missing required claims (user_id, app_id, or jti)",
                )
    
            # Convert timestamps to datetime
            exp_ts = payload.get("exp", 0)
            iat_ts = payload.get("iat", 0)
>           exp_dt = datetime.fromtimestamp(exp_ts, tz=timezone.utc)
                     ^^^^^^^^
E           UnboundLocalError: cannot access local variable 'datetime' where it is not associated with a value

src\tenxyte\core\jwt_service.py:413: UnboundLocalError
_________________ TestJWTService.test_get_user_id_from_token __________________

self = <test_core_jwt_service.TestJWTService object at 0x000002142691FDD0>
svc = <tenxyte.core.jwt_service.JWTService object at 0x0000021426827F50>

    def test_get_user_id_from_token(self, svc):
        """Lines 454-457."""
        token, _, _ = svc.generate_access_token("u1", "app1")
>       assert svc.get_user_id_from_token(token) == "u1"
               ^^^^^^^^^^^^^^^^^^^^^^^^^^^^^^^^^

tests\core\test_core_jwt_service.py:307: 
_ _ _ _ _ _ _ _ _ _ _ _ _ _ _ _ _ _ _ _ _ _ _ _ _ _ _ _ _ _ _ _ _ _ _ _ _ _ _ _
src\tenxyte\core\jwt_service.py:559: in get_user_id_from_token
    result = self.decode_token(token)
             ^^^^^^^^^^^^^^^^^^^^^^^^
_ _ _ _ _ _ _ _ _ _ _ _ _ _ _ _ _ _ _ _ _ _ _ _ _ _ _ _ _ _ _ _ _ _ _ _ _ _ _ _

self = <tenxyte.core.jwt_service.JWTService object at 0x0000021426827F50>
token = 'eyJhbGciOiJIUzI1NiIsInR5cCI6IkpXVCJ9.eyJ0eXBlIjoiYWNjZXNzIiwianRpIjoiNjdmOTU1NDgtNDlkNS00MTJlLWJlNWQtZWZjMjFjMjA3OWIy...BwMSIsImlhdCI6MTc3MzUxMDAyOCwiZXhwIjoxNzczNTEzNjI4LCJuYmYiOjE3NzM1MTAwMjh9.isQTHca4HQlEvekmfLkCZ5HshHCf9sC7-0HiQQVpvtk'
check_blacklist = True

    def decode_token(self, token: str, check_blacklist: bool = True) -> Optional[DecodedToken]:
        """
        Decode and validate a JWT token.
    
        Args:
            token: JWT token string
            check_blacklist: Whether to check if token is blacklisted
    
        Returns:
            DecodedToken if valid, None if invalid/expired
        """
        if not self.verifying_key:
            raise ValueError(
                f"JWT verifying key is required for algorithm {self.algorithm}. "
                f"Set TENXYTE_JWT_SECRET or TENXYTE_JWT_PUBLIC_KEY in settings."
            )
    
        try:
            # Decode with required claims
            options = {"require": ["exp", "iat"]}
    
            payload = jwt.decode(
                token,
                self.verifying_key,
                algorithms=[self.algorithm],
                options=options,
                issuer=self.issuer if self.issuer else None,
                audience=self.audience if self.audience else None,
            )
    
            # Extract required fields
            user_id = payload.get("user_id")
            app_id = payload.get("app_id")
            jti = payload.get("jti")
    
            if not user_id or not app_id or not jti:
                return DecodedToken(
                    user_id=user_id or "",
                    app_id=app_id or "",
                    jti=jti or "",
                    exp=datetime.now(timezone.utc),
                    iat=datetime.now(timezone.utc),
                    type=payload.get("type", "unknown"),
                    claims=payload,
                    is_valid=False,
                    error="Missing required claims (user_id, app_id, or jti)",
                )
    
            # Convert timestamps to datetime
            exp_ts = payload.get("exp", 0)
            iat_ts = payload.get("iat", 0)
>           exp_dt = datetime.fromtimestamp(exp_ts, tz=timezone.utc)
                     ^^^^^^^^
E           UnboundLocalError: cannot access local variable 'datetime' where it is not associated with a value

src\tenxyte\core\jwt_service.py:413: UnboundLocalError
______________ TestJWTService.test_get_application_id_from_token ______________

self = <test_core_jwt_service.TestJWTService object at 0x0000021426999640>
svc = <tenxyte.core.jwt_service.JWTService object at 0x0000021426A6A7E0>

    def test_get_application_id_from_token(self, svc):
        """Lines 461-464."""
        token, _, _ = svc.generate_access_token("u1", "app1")
>       assert svc.get_application_id_from_token(token) == "app1"
               ^^^^^^^^^^^^^^^^^^^^^^^^^^^^^^^^^^^^^^^^

tests\core\test_core_jwt_service.py:315: 
_ _ _ _ _ _ _ _ _ _ _ _ _ _ _ _ _ _ _ _ _ _ _ _ _ _ _ _ _ _ _ _ _ _ _ _ _ _ _ _
src\tenxyte\core\jwt_service.py:566: in get_application_id_from_token
    result = self.decode_token(token)
             ^^^^^^^^^^^^^^^^^^^^^^^^
_ _ _ _ _ _ _ _ _ _ _ _ _ _ _ _ _ _ _ _ _ _ _ _ _ _ _ _ _ _ _ _ _ _ _ _ _ _ _ _

self = <tenxyte.core.jwt_service.JWTService object at 0x0000021426A6A7E0>
token = 'eyJhbGciOiJIUzI1NiIsInR5cCI6IkpXVCJ9.eyJ0eXBlIjoiYWNjZXNzIiwianRpIjoiYmVkNzIxMjItMTAwYS00ZTBiLTg0ZGMtMGQ3MjExMjUzMTEz...BwMSIsImlhdCI6MTc3MzUxMDAyOCwiZXhwIjoxNzczNTEzNjI4LCJuYmYiOjE3NzM1MTAwMjh9.gTri77FVMYS0G9rBy9LIkCcb0bSyjs7bHuU33LrXQS8'
check_blacklist = True

    def decode_token(self, token: str, check_blacklist: bool = True) -> Optional[DecodedToken]:
        """
        Decode and validate a JWT token.
    
        Args:
            token: JWT token string
            check_blacklist: Whether to check if token is blacklisted
    
        Returns:
            DecodedToken if valid, None if invalid/expired
        """
        if not self.verifying_key:
            raise ValueError(
                f"JWT verifying key is required for algorithm {self.algorithm}. "
                f"Set TENXYTE_JWT_SECRET or TENXYTE_JWT_PUBLIC_KEY in settings."
            )
    
        try:
            # Decode with required claims
            options = {"require": ["exp", "iat"]}
    
            payload = jwt.decode(
                token,
                self.verifying_key,
                algorithms=[self.algorithm],
                options=options,
                issuer=self.issuer if self.issuer else None,
                audience=self.audience if self.audience else None,
            )
    
            # Extract required fields
            user_id = payload.get("user_id")
            app_id = payload.get("app_id")
            jti = payload.get("jti")
    
            if not user_id or not app_id or not jti:
                return DecodedToken(
                    user_id=user_id or "",
                    app_id=app_id or "",
                    jti=jti or "",
                    exp=datetime.now(timezone.utc),
                    iat=datetime.now(timezone.utc),
                    type=payload.get("type", "unknown"),
                    claims=payload,
                    is_valid=False,
                    error="Missing required claims (user_id, app_id, or jti)",
                )
    
            # Convert timestamps to datetime
            exp_ts = payload.get("exp", 0)
            iat_ts = payload.get("iat", 0)
>           exp_dt = datetime.fromtimestamp(exp_ts, tz=timezone.utc)
                     ^^^^^^^^
E           UnboundLocalError: cannot access local variable 'datetime' where it is not associated with a value

src\tenxyte\core\jwt_service.py:413: UnboundLocalError
_________________ TestJWTService.test_blacklist_token_success _________________

self = <test_core_jwt_service.TestJWTService object at 0x000002142699A0C0>
svc = <tenxyte.core.jwt_service.JWTService object at 0x0000021426A69BB0>

    def test_blacklist_token_success(self, svc):
        """Lines 487."""
        token, _, _ = svc.generate_access_token("u1", "app1")
>       assert svc.blacklist_token(token, reason="logout") is True
               ^^^^^^^^^^^^^^^^^^^^^^^^^^^^^^^^^^^^^^^^^^^

tests\core\test_core_jwt_service.py:325: 
_ _ _ _ _ _ _ _ _ _ _ _ _ _ _ _ _ _ _ _ _ _ _ _ _ _ _ _ _ _ _ _ _ _ _ _ _ _ _ _
src\tenxyte\core\jwt_service.py:584: in blacklist_token
    result = self.decode_token(token, check_blacklist=False)
             ^^^^^^^^^^^^^^^^^^^^^^^^^^^^^^^^^^^^^^^^^^^^^^^
_ _ _ _ _ _ _ _ _ _ _ _ _ _ _ _ _ _ _ _ _ _ _ _ _ _ _ _ _ _ _ _ _ _ _ _ _ _ _ _

self = <tenxyte.core.jwt_service.JWTService object at 0x0000021426A69BB0>
token = 'eyJhbGciOiJIUzI1NiIsInR5cCI6IkpXVCJ9.eyJ0eXBlIjoiYWNjZXNzIiwianRpIjoiOTE0MjlhMzMtYWY4ZS00YzE5LWE5NjUtNDkwYWFkODJiOWM5...BwMSIsImlhdCI6MTc3MzUxMDAyOCwiZXhwIjoxNzczNTEzNjI4LCJuYmYiOjE3NzM1MTAwMjh9.do4wjcKfvOLjxgA9Ymqo4KXL8FL3GmtJNzcxA0hwyQg'
check_blacklist = False

    def decode_token(self, token: str, check_blacklist: bool = True) -> Optional[DecodedToken]:
        """
        Decode and validate a JWT token.
    
        Args:
            token: JWT token string
            check_blacklist: Whether to check if token is blacklisted
    
        Returns:
            DecodedToken if valid, None if invalid/expired
        """
        if not self.verifying_key:
            raise ValueError(
                f"JWT verifying key is required for algorithm {self.algorithm}. "
                f"Set TENXYTE_JWT_SECRET or TENXYTE_JWT_PUBLIC_KEY in settings."
            )
    
        try:
            # Decode with required claims
            options = {"require": ["exp", "iat"]}
    
            payload = jwt.decode(
                token,
                self.verifying_key,
                algorithms=[self.algorithm],
                options=options,
                issuer=self.issuer if self.issuer else None,
                audience=self.audience if self.audience else None,
            )
    
            # Extract required fields
            user_id = payload.get("user_id")
            app_id = payload.get("app_id")
            jti = payload.get("jti")
    
            if not user_id or not app_id or not jti:
                return DecodedToken(
                    user_id=user_id or "",
                    app_id=app_id or "",
                    jti=jti or "",
                    exp=datetime.now(timezone.utc),
                    iat=datetime.now(timezone.utc),
                    type=payload.get("type", "unknown"),
                    claims=payload,
                    is_valid=False,
                    error="Missing required claims (user_id, app_id, or jti)",
                )
    
            # Convert timestamps to datetime
            exp_ts = payload.get("exp", 0)
            iat_ts = payload.get("iat", 0)
>           exp_dt = datetime.fromtimestamp(exp_ts, tz=timezone.utc)
                     ^^^^^^^^
E           UnboundLocalError: cannot access local variable 'datetime' where it is not associated with a value

src\tenxyte\core\jwt_service.py:413: UnboundLocalError
_____________ TestJWTService.test_refresh_tokens_jwt_refresh_type _____________

self = <test_core_jwt_service.TestJWTService object at 0x0000021426999760>
svc = <tenxyte.core.jwt_service.JWTService object at 0x0000021426A25550>

    def test_refresh_tokens_jwt_refresh_type(self, svc):
        """Lines 647-677: refresh via JWT refresh token (DoesNotExist branch)."""
        # Create a token with type=refresh
        payload = {
            "type": "refresh", "jti": str(uuid.uuid4()), "user_id": "u1", "app_id": "a1",
            "iat": datetime.now(timezone.utc),
            "exp": datetime.now(timezone.utc) + timedelta(hours=1),
        }
        refresh_jwt = pyjwt.encode(payload, "test-secret-key-32chars-minimum!", algorithm="HS256")
    
        # Mock RefreshToken.get_by_raw_token to raise DoesNotExist
        mock_model = MagicMock()
        mock_model.DoesNotExist = Exception
        mock_model.get_by_raw_token.side_effect = Exception()
    
        with patch.dict("sys.modules", {"tenxyte.models": MagicMock()}):
            with patch("tenxyte.core.jwt_service.JWTService.refresh_tokens"):
                # We need to actually call through; let's just test the method directly
                pass
    
        # Simpler approach: mock the import at the right level
        mock_module = MagicMock()
        mock_rt = MagicMock()
        mock_rt.DoesNotExist = type("DoesNotExist", (Exception,), {})
        mock_rt.get_by_raw_token.side_effect = mock_rt.DoesNotExist()
        mock_module.RefreshToken = mock_rt
    
        with patch.dict("sys.modules", {"tenxyte.models": mock_module}):
            result = svc.refresh_tokens(refresh_jwt)
>       assert result is not None
E       assert None is not None

tests\core\test_core_jwt_service.py:457: AssertionError
=============================== tests coverage ================================
______________ coverage: platform win32, python 3.12.10-final-0 _______________

Name                                                          Stmts   Miss  Cover   Missing
-------------------------------------------------------------------------------------------
src\tenxyte\__init__.py                                          47     39    17%   74-76, 101-157
src\tenxyte\admin.py                                            303    127    58%   89-93, 98-118, 125-145, 151-154, 160-175, 179-209, 267, 330, 364, 369-379, 385-400, 406-421, 427-442, 448-463, 469-483, 510, 548, 553, 558, 589, 594, 599
src\tenxyte\apps.py                                              47     19    60%   29, 58-86, 92, 109-123
src\tenxyte\authentication.py                                    38     38     0%   5-74
src\tenxyte\backends\__init__.py                                  0      0   100%
src\tenxyte\backends\email.py                                    81     81     0%   24-251
src\tenxyte\backends\sms.py                                      72     72     0%   5-167
src\tenxyte\conf\__init__.py                                     12      0   100%
src\tenxyte\conf\airs.py                                         34     11    68%   6, 11, 16, 21, 30, 35, 40, 45, 50, 59, 64
src\tenxyte\conf\auth.py                                         67     22    67%   6, 11, 16, 25, 30, 35, 40, 49, 54, 59, 64, 69, 74, 79, 84, 89, 94, 99, 104, 109, 114, 119
src\tenxyte\conf\base.py                                         49     15    69%   31-33, 42, 50, 55, 60-64, 73, 78, 105, 118, 126, 135
src\tenxyte\conf\communication.py                                38     12    68%   15, 20, 25, 46, 55, 60, 65, 74, 79, 84, 93, 98
src\tenxyte\conf\jwt.py                                          40     19    52%   15-39, 44, 49, 54, 59, 64, 77, 85
src\tenxyte\conf\modules.py                                      19      2    89%   8, 48
src\tenxyte\conf\presets.py                                       2      0   100%
src\tenxyte\conf\security.py                                     76     25    67%   6, 11, 28, 37, 46, 51, 59, 64, 69, 77, 86, 94, 103, 112, 121, 126, 134, 139, 144, 149, 165, 170, 179, 187, 208
src\tenxyte\conf\social.py                                       53     17    68%   13, 21, 26, 31, 36, 41, 46, 51, 60, 65, 70, 75, 84, 89, 94, 103, 108
src\tenxyte\core\__init__.py                                     11      0   100%
src\tenxyte\core\cache_service.py                               140     91    35%   125, 129, 133, 137, 141, 145, 149, 164-165, 177-178, 190-191, 195-196, 200-201, 205-206, 222-239, 251, 255-272, 276, 293, 297-304, 308-310, 314-320, 324-326, 330-332, 336-338, 342-353, 357-362, 366-374, 378-379, 383-386
src\tenxyte\core\email_service.py                                91     61    33%   84, 115-137, 147-169, 190-212, 222-244, 344-375, 385-416, 437-468, 478-509, 520, 534-550
src\tenxyte\core\env_provider.py                                 53     35    34%   13, 97-104, 122-138, 142-154, 159, 164-166, 186, 206-209
src\tenxyte\core\jwt_service.py                                 282     91    68%   140, 143, 146, 149, 414-425, 455-540, 561, 568, 590, 602-611, 620-625, 791-807, 849-915
src\tenxyte\core\magic_link_service.py                          210    146    30%   38-42, 187-195, 200, 204-206, 232-291, 303-385, 408-452, 463-516, 524-541
src\tenxyte\core\middleware.py                                  155    155     0%   12-418
src\tenxyte\core\schemas.py                                     145      6    96%   117-122
src\tenxyte\core\session_service.py                             134    134     0%   8-337
src\tenxyte\core\settings.py                                    133     60    55%   18, 100-101, 118-134, 138-153, 162, 167, 172-175, 184, 189, 194, 199, 204, 209, 214, 248, 253, 258, 267, 272, 281, 286, 291, 300, 305, 310, 319, 324, 333, 338, 347, 356-360, 366-367
src\tenxyte\core\totp_service.py                                358    278    22%   48, 57, 61, 65, 69, 73, 80, 83, 86, 89, 92, 100, 104, 111, 114, 120, 124-125, 131-133, 136, 139, 185-208, 212-214, 218-227, 231, 235, 243-244, 253-271, 285-301, 316-341, 358-383, 389-420, 435-448, 457-473, 493-512, 516-542, 557-580, 584-614, 629-653, 657-687, 702-719, 723-746
src\tenxyte\core\webauthn_service.py                            162    100    38%   24-27, 65-69, 97, 101, 105, 109, 113, 124, 128, 132, 175-182, 186-188, 208-247, 264-315, 332-371, 384-425, 433-434, 447-450
src\tenxyte\decorators.py                                       313    313     0%   1-746
src\tenxyte\device_info.py                                      200    200     0%   21-424
src\tenxyte\docs\__init__.py                                      0      0   100%
src\tenxyte\docs\schemas.py                                      56     56     0%   7-488
src\tenxyte\filters.py                                          121    121     0%   15-371
src\tenxyte\management\__init__.py                                0      0   100%
src\tenxyte\management\commands\__init__.py                       0      0   100%
src\tenxyte\management\commands\tenxyte_cleanup.py               79     79     0%   1-115
src\tenxyte\management\commands\tenxyte_purge_audit_logs.py      27     27     0%   13-77
src\tenxyte\management\commands\tenxyte_quickstart.py            68     68     0%   10-115
src\tenxyte\middleware.py                                       202    202     0%   1-431
src\tenxyte\models\__init__.py                                   13      0   100%
src\tenxyte\models\agent.py                                      69      6    91%   80, 85, 95-96, 101, 129
src\tenxyte\models\application.py                                52     22    58%   51, 56-57, 62-66, 69-71, 78-85, 92-96
src\tenxyte\models\auth.py                                      299    175    41%   31, 35, 90, 94-97, 101-105, 135, 138, 142, 243-247, 255-283, 289, 294, 298, 302, 320-322, 325-327, 330-335, 339, 343, 350-387, 391-393, 396, 409-416, 428-439, 451-452, 466-488, 502-525, 537-543, 555, 567, 575, 579, 583, 587-603, 607-628, 632, 636, 640, 644, 648-656, 660-668, 672-677
src\tenxyte\models\base.py                                       57     17    70%   20-21, 23-26, 50-53, 65-68, 80-83, 95-98
src\tenxyte\models\gdpr.py                                       82     47    43%   81, 87-91, 101-122, 126-131, 135-168, 172-174, 178-180, 185
src\tenxyte\models\magic_link.py                                 58     30    48%   55, 65-79, 90-119, 123-125, 128
src\tenxyte\models\operational.py                                99     35    65%   53, 57-64, 67, 70-99, 140, 151-163, 179-180, 185, 188, 196-197, 222, 232-233, 237
src\tenxyte\models\organization.py                              179     71    60%   76, 90-97, 109-118, 127-130, 140-145, 150, 159-161, 165, 169-171, 215, 219-226, 278, 282, 286, 342, 359-362, 368, 372, 384-411, 415-416, 476-479, 484-487, 492-495
src\tenxyte\models\security.py                                  103     51    50%   44, 49-55, 62-74, 79-80, 166, 182-220, 235, 240-241, 322-346
src\tenxyte\models\social.py                                     26      3    88%   61, 84-97
src\tenxyte\models\tenant.py                                     29     14    52%   26-49, 56, 93-106
src\tenxyte\models\webauthn.py                                   47      9    81%   46, 49-51, 87-88, 99, 102-103
src\tenxyte\pagination.py                                        16     16     0%   10-109
src\tenxyte\ports\__init__.py                                     2      2     0%   3-21
src\tenxyte\ports\repositories.py                               177    177     0%   8-378
src\tenxyte\serializers\__init__.py                              10     10     0%   9-94
src\tenxyte\serializers\application_serializers.py               16     16     0%   5-34
src\tenxyte\serializers\auth_serializers.py                      77     77     0%   5-177
src\tenxyte\serializers\gdpr_admin_serializers.py                14     14     0%   5-43
src\tenxyte\serializers\organization_serializers.py              82     82     0%   5-172
src\tenxyte\serializers\otp_serializers.py                        5      5     0%   5-13
src\tenxyte\serializers\password_serializers.py                  13     13     0%   5-38
src\tenxyte\serializers\rbac_serializers.py                      79     79     0%   5-122
src\tenxyte\serializers\security_serializers.py                  56     56     0%   7-135
src\tenxyte\serializers\twofa_serializers.py                     16     16     0%   5-37
src\tenxyte\serializers\user_admin_serializers.py                39     39     0%   5-117
src\tenxyte\services\__init__.py                                 10     10     0%   1-11
src\tenxyte\services\account_deletion_service.py                 95     95     0%   5-461
src\tenxyte\services\agent_service.py                           180    180     0%   1-360
src\tenxyte\services\auth_service.py                            194    194     0%   1-802
src\tenxyte\services\breach_check_service.py                      9      9     0%   14-113
src\tenxyte\services\email_service.py                           105    105     0%   24-646
src\tenxyte\services\jwt_service.py                              79     79     0%   1-181
src\tenxyte\services\magic_link_service.py                       50     50     0%   8-144
src\tenxyte\services\organization_service.py                    176    176     0%   12-606
src\tenxyte\services\otp_service.py                              73     73     0%   1-190
src\tenxyte\services\social_auth_service.py                     185    185     0%   13-499
src\tenxyte\services\stats_service.py                            95     95     0%   7-339
src\tenxyte\services\totp_service.py                            167    167     0%   11-382
src\tenxyte\services\webauthn_service.py                        110    110     0%   11-327
src\tenxyte\signals.py                                           44     26    41%   73, 87-108, 118-143
src\tenxyte\tasks\__init__.py                                     0      0   100%
src\tenxyte\tasks\agent_tasks.py                                 24     24     0%   1-46
src\tenxyte\tenant_context.py                                     7      2    71%   26, 36
src\tenxyte\throttles.py                                        130    130     0%   11-344
src\tenxyte\urls.py                                              14     14     0%   1-253
src\tenxyte\validators.py                                        34     34     0%   11-301
src\tenxyte\views\__init__.py                                     9      9     0%   1-58
src\tenxyte\views\account_deletion_views.py                      51     51     0%   5-493
src\tenxyte\views\agent_views.py                                132    132     0%   1-614
src\tenxyte\views\application_views.py                           90     90     0%   1-382
src\tenxyte\views\auth_views.py                                 160    160     0%   8-1233
src\tenxyte\views\auth_views_legacy.py                           71     71     0%   1-711
src\tenxyte\views\dashboard_views.py                             36     36     0%   7-194
src\tenxyte\views\gdpr_admin_views.py                            82     82     0%   11-377
src\tenxyte\views\magic_link_views.py                            83     83     0%   8-345
src\tenxyte\views\magic_link_views_legacy.py                     33     33     0%   5-249
src\tenxyte\views\organization_views.py                         140    140     0%   8-1065
src\tenxyte\views\otp_views.py                                   36     36     0%   1-224
src\tenxyte\views\password_views.py                              49     49     0%   8-507
src\tenxyte\views\password_views_legacy.py                       25     25     0%   1-413
src\tenxyte\views\rbac_views.py                                 263    263     0%   1-929
src\tenxyte\views\security_views.py                             138    138     0%   8-597
src\tenxyte\views\social_auth_views.py                           78     78     0%   8-388
src\tenxyte\views\twofa_views.py                                 93     93     0%   8-446
src\tenxyte\views\twofa_views_legacy.py                          46     46     0%   1-344
src\tenxyte\views\user_views.py                                 212    212     0%   8-904
src\tenxyte\views\user_views_legacy.py                          159    159     0%   1-789
src\tenxyte\views\webauthn_views.py                              55     55     0%   16-500
src\tenxyte\views\webauthn_views_legacy.py                       20     20     0%   13-388
-------------------------------------------------------------------------------------------
TOTAL                                                          9475   7623    20%
Coverage HTML written to dir htmlcov
FAIL Required test coverage of 90% not reached. Total coverage: 19.55%
=========================== short test summary info ===========================
FAILED tests/core/test_core_jwt_service.py::TestJWTService::test_decode_token_valid
FAILED tests/core/test_core_jwt_service.py::TestJWTService::test_decode_token_missing_claims
FAILED tests/core/test_core_jwt_service.py::TestJWTService::test_decode_token_blacklisted
FAILED tests/core/test_core_jwt_service.py::TestJWTService::test_decode_token_user_revoked
FAILED tests/core/test_core_jwt_service.py::TestJWTService::test_decode_token_skip_blacklist
FAILED tests/core/test_core_jwt_service.py::TestJWTService::test_is_token_valid
FAILED tests/core/test_core_jwt_service.py::TestJWTService::test_get_user_id_from_token
FAILED tests/core/test_core_jwt_service.py::TestJWTService::test_get_application_id_from_token
FAILED tests/core/test_core_jwt_service.py::TestJWTService::test_blacklist_token_success
FAILED tests/core/test_core_jwt_service.py::TestJWTService::test_refresh_tokens_jwt_refresh_type
======================== 10 failed, 40 passed in 3.29s ========================
